[INFO] Scanning for projects...
[INFO] 
[INFO] --------------------------< com.aziz:demosec >--------------------------
[INFO] Building demosec 0.0.1-SNAPSHOT
[INFO]   from pom.xml
[INFO] --------------------------------[ jar ]---------------------------------
[INFO] 
[INFO] --- clean:3.4.1:clean (default-clean) @ demosec ---
[INFO] Deleting C:\Users\LENOVO\IdeaProjects\demosecc\target
[INFO] 
[INFO] --- resources:3.3.1:resources (default-resources) @ demosec ---
[INFO] Copying 1 resource from src\main\resources to target\classes
[INFO] Copying 2 resources from src\main\resources to target\classes
[INFO] 
[INFO] --- compiler:3.14.1:compile (default-compile) @ demosec ---
[INFO] Recompiling the module because of changed source code.
[INFO] Compiling 196 source files with javac [debug parameters release 17] to target\classes
[WARNING] /C:/Users/LENOVO/IdeaProjects/demosecc/src/main/java/com/aziz/demosec/Entities/ServiceProvider.java:[38,34] @Builder will ignore the initializing expression entirely. If you want the initializing expression to serve as default, add @Builder.Default. If it is not supposed to be settable during building, make the field final.
[WARNING] /C:/Users/LENOVO/IdeaProjects/demosecc/src/main/java/com/aziz/demosec/Entities/LifestylePlan.java:[48,33] @Builder will ignore the initializing expression entirely. If you want the initializing expression to serve as default, add @Builder.Default. If it is not supposed to be settable during building, make the field final.
[INFO] /C:/Users/LENOVO/IdeaProjects/demosecc/src/main/java/com/aziz/demosec/security/SecurityConfig.java: C:\Users\LENOVO\IdeaProjects\demosecc\src\main\java\com\aziz\demosec\security\SecurityConfig.java uses or overrides a deprecated API.
[INFO] /C:/Users/LENOVO/IdeaProjects/demosecc/src/main/java/com/aziz/demosec/security/SecurityConfig.java: Recompile with -Xlint:deprecation for details.
[INFO] ------------------------------------------------------------------------
[INFO] BUILD SUCCESS
[INFO] ------------------------------------------------------------------------
[INFO] Total time:  5.190 s
[INFO] Finished at: 2026-03-22T04:35:07+01:00
[INFO] ------------------------------------------------------------------------
