[INFO] Scanning for projects...
[INFO] 
[INFO] --------------------------< com.aziz:demosec >--------------------------
[INFO] Building demosec 0.0.1-SNAPSHOT
[INFO]   from pom.xml
[INFO] --------------------------------[ jar ]---------------------------------
[INFO] 
[INFO] --- resources:3.3.1:resources (default-resources) @ demosec ---
[INFO] Copying 1 resource from src\main\resources to target\classes
[INFO] Copying 2 resources from src\main\resources to target\classes
[INFO] 
[INFO] --- compiler:3.14.1:compile (default-compile) @ demosec ---
[INFO] Recompiling the module because of changed source code.
[INFO] Compiling 204 source files with javac [debug parameters release 17] to target\classes
[INFO] /C:/Users/LENOVO/IdeaProjects/demosecc/src/main/java/com/aziz/demosec/security/SecurityConfig.java: C:\Users\LENOVO\IdeaProjects\demosecc\src\main\java\com\aziz\demosec\security\SecurityConfig.java uses or overrides a deprecated API.
[INFO] /C:/Users/LENOVO/IdeaProjects/demosecc/src/main/java/com/aziz/demosec/security/SecurityConfig.java: Recompile with -Xlint:deprecation for details.
[INFO] Some messages have been simplified; recompile with -Xdiags:verbose to get full output
[INFO] -------------------------------------------------------------
[WARNING] COMPILATION WARNING : 
[INFO] -------------------------------------------------------------
[WARNING] /C:/Users/LENOVO/IdeaProjects/demosecc/src/main/java/com/aziz/demosec/Entities/LifestylePlan.java:[48,33] @Builder will ignore the initializing expression entirely. If you want the initializing expression to serve as default, add @Builder.Default. If it is not supposed to be settable during building, make the field final.
[WARNING] /C:/Users/LENOVO/IdeaProjects/demosecc/src/main/java/com/aziz/demosec/Entities/ServiceProvider.java:[38,34] @Builder will ignore the initializing expression entirely. If you want the initializing expression to serve as default, add @Builder.Default. If it is not supposed to be settable during building, make the field final.
[INFO] 2 warnings 
[INFO] -------------------------------------------------------------
[INFO] -------------------------------------------------------------
[ERROR] COMPILATION ERROR : 
[INFO] -------------------------------------------------------------
[ERROR] /C:/Users/LENOVO/IdeaProjects/demosecc/src/main/java/com/aziz/demosec/service/PharmacyOrderServiceImpl.java:[346,59] incompatible types: java.time.LocalDateTime cannot be converted to java.lang.String
[INFO] 1 error
[INFO] -------------------------------------------------------------
[INFO] ------------------------------------------------------------------------
[INFO] BUILD FAILURE
[INFO] ------------------------------------------------------------------------
[INFO] Total time:  7.807 s
[INFO] Finished at: 2026-03-23T19:11:40+01:00
[INFO] ------------------------------------------------------------------------
[ERROR] Failed to execute goal org.apache.maven.plugins:maven-compiler-plugin:3.14.1:compile (default-compile) on project demosec: Compilation failure
[ERROR] /C:/Users/LENOVO/IdeaProjects/demosecc/src/main/java/com/aziz/demosec/service/PharmacyOrderServiceImpl.java:[346,59] incompatible types: java.time.LocalDateTime cannot be converted to java.lang.String
[ERROR] 
[ERROR] -> [Help 1]
[ERROR] 
[ERROR] To see the full stack trace of the errors, re-run Maven with the -e switch.
[ERROR] Re-run Maven using the -X switch to enable full debug logging.
[ERROR] 
[ERROR] For more information about the errors and possible solutions, please read the following articles:
[ERROR] [Help 1] http://cwiki.apache.org/confluence/display/MAVEN/MojoFailureException
