<<<<<<< HEAD
﻿[INFO] Scanning for projects...
=======
[INFO] Scanning for projects...
>>>>>>> 004e7f56761d2cb885075ea4c6eeaee571c85f36
[INFO] 
[INFO] --------------------------< com.aziz:demosec >--------------------------
[INFO] Building demosec 0.0.1-SNAPSHOT
[INFO]   from pom.xml
[INFO] --------------------------------[ jar ]---------------------------------
[INFO] 
[INFO] --- resources:3.3.1:resources (default-resources) @ demosec ---
<<<<<<< HEAD
[INFO] Copying 1 resource from src\main\resources to target\classes
[INFO] Copying 1 resource from src\main\resources to target\classes
[INFO] 
[INFO] --- compiler:3.14.1:compile (default-compile) @ demosec ---
[INFO] Recompiling the module because of changed source code.
[INFO] Compiling 146 source files with javac [debug parameters release 17] to target\classes
[WARNING] /C:/Users/khame/demosec/src/main/java/com/aziz/demosec/Entities/PharmacyOrder.java:[53,29] @Builder will ignore the initializing expression entirely. If you want the initializing expression to serve as default, add @Builder.Default. If it is not supposed to be settable during building, make the field final.
[WARNING] /C:/Users/khame/demosec/src/main/java/com/aziz/demosec/Entities/ServiceProvider.java:[38,34] @Builder will ignore the initializing expression entirely. If you want the initializing expression to serve as default, add @Builder.Default. If it is not supposed to be settable during building, make the field final.
[WARNING] /C:/Users/khame/demosec/src/main/java/com/aziz/demosec/Entities/LifestylePlan.java:[48,33] @Builder will ignore the initializing expression entirely. If you want the initializing expression to serve as default, add @Builder.Default. If it is not supposed to be settable during building, make the field final.
[WARNING] /C:/Users/khame/demosec/src/main/java/com/aziz/demosec/Entities/Prescription.java:[31,36] @Builder will ignore the initializing expression entirely. If you want the initializing expression to serve as default, add @Builder.Default. If it is not supposed to be settable during building, make the field final.
[INFO] /C:/Users/khame/demosec/src/main/java/com/aziz/demosec/security/SecurityConfig.java: C:\Users\khame\demosec\src\main\java\com\aziz\demosec\security\SecurityConfig.java uses or overrides a deprecated API.
[INFO] /C:/Users/khame/demosec/src/main/java/com/aziz/demosec/security/SecurityConfig.java: Recompile with -Xlint:deprecation for details.
[INFO] ------------------------------------------------------------------------
[INFO] BUILD SUCCESS
[INFO] ------------------------------------------------------------------------
[INFO] Total time:  6.435 s
[INFO] Finished at: 2026-03-20T16:10:52+01:00
[INFO] ------------------------------------------------------------------------
=======
[INFO] Copying 2 resources from src\main\resources to target\classes
[INFO] Copying 2 resources from src\main\resources to target\classes
[INFO] 
[INFO] --- compiler:3.13.0:compile (default-compile) @ demosec ---
[INFO] Recompiling the module because of changed source code.
[INFO] Compiling 272 source files with javac [debug parameters release 17] to target\classes
[INFO] -------------------------------------------------------------
[WARNING] COMPILATION WARNING : 
[INFO] -------------------------------------------------------------
[WARNING] /c:/Users/LENOVO/IdeaProjects/demosecc/src/main/java/com/aziz/demosec/Entities/LifestylePlan.java:[48,33] @Builder will ignore the initializing expression entirely. If you want the initializing expression to serve as default, add @Builder.Default. If it is not supposed to be settable during building, make the field final.
[INFO] 1 warning
[INFO] -------------------------------------------------------------
[INFO] -------------------------------------------------------------
[ERROR] COMPILATION ERROR : 
[INFO] -------------------------------------------------------------
[ERROR] /c:/Users/LENOVO/IdeaProjects/demosecc/src/main/java/com/aziz/demosec/controller/MedicalEventController.java:[42,53] cannot find symbol
  symbol:   method get(java.lang.Long)
  location: variable medicalEventService of type com.aziz.demosec.service.IMedicalEventService
[ERROR] /c:/Users/LENOVO/IdeaProjects/demosecc/src/main/java/com/aziz/demosec/service/ProductServiceImpl.java:[105,9] cannot find symbol
  symbol:   class ProductUnit
  location: class com.aziz.demosec.service.ProductServiceImpl
[ERROR] /c:/Users/LENOVO/IdeaProjects/demosecc/src/main/java/com/aziz/demosec/service/ProductServiceImpl.java:[117,24] cannot find symbol
  symbol:   variable ProductUnit
  location: class com.aziz.demosec.service.ProductServiceImpl
[INFO] 3 errors 
[INFO] -------------------------------------------------------------
[INFO] ------------------------------------------------------------------------
[INFO] BUILD FAILURE
[INFO] ------------------------------------------------------------------------
[INFO] Total time:  11.962 s
[INFO] Finished at: 2026-03-30T22:25:43+01:00
[INFO] ------------------------------------------------------------------------
[ERROR] Failed to execute goal org.apache.maven.plugins:maven-compiler-plugin:3.13.0:compile (default-compile) on project demosec: Compilation failure: Compilation failure: 
[ERROR] /c:/Users/LENOVO/IdeaProjects/demosecc/src/main/java/com/aziz/demosec/controller/MedicalEventController.java:[42,53] cannot find symbol
[ERROR]   symbol:   method get(java.lang.Long)
[ERROR]   location: variable medicalEventService of type com.aziz.demosec.service.IMedicalEventService
[ERROR] /c:/Users/LENOVO/IdeaProjects/demosecc/src/main/java/com/aziz/demosec/service/ProductServiceImpl.java:[105,9] cannot find symbol
[ERROR]   symbol:   class ProductUnit
[ERROR]   location: class com.aziz.demosec.service.ProductServiceImpl
[ERROR] /c:/Users/LENOVO/IdeaProjects/demosecc/src/main/java/com/aziz/demosec/service/ProductServiceImpl.java:[117,24] cannot find symbol
[ERROR]   symbol:   variable ProductUnit
[ERROR]   location: class com.aziz.demosec.service.ProductServiceImpl
[ERROR] -> [Help 1]
[ERROR] 
[ERROR] To see the full stack trace of the errors, re-run Maven with the -e switch.
[ERROR] Re-run Maven using the -X switch to enable full debug logging.
[ERROR] 
[ERROR] For more information about the errors and possible solutions, please read the following articles:
[ERROR] [Help 1] http://cwiki.apache.org/confluence/display/MAVEN/MojoFailureException
>>>>>>> 004e7f56761d2cb885075ea4c6eeaee571c85f36
