[INFO] Scanning for projects...
[INFO] 
[INFO] --------------------------< com.aziz:demosec >--------------------------
[INFO] Building demosec 0.0.1-SNAPSHOT
[INFO]   from pom.xml
[INFO] --------------------------------[ jar ]---------------------------------
[INFO] 
[INFO] --- clean:3.4.1:clean (default-clean) @ demosec ---
[INFO] Deleting C:\Users\user\demosec\target
[INFO] 
[INFO] --- resources:3.3.1:resources (default-resources) @ demosec ---
[INFO] Copying 2 resources from src\main\resources to target\classes
[INFO] Copying 0 resource from src\main\resources to target\classes
[INFO] 
[INFO] --- compiler:3.14.1:compile (default-compile) @ demosec ---
[INFO] Recompiling the module because of changed source code.
[INFO] Compiling 168 source files with javac [debug parameters release 17] to target\classes
[INFO] -------------------------------------------------------------
[ERROR] COMPILATION ERROR : 
[INFO] -------------------------------------------------------------
[ERROR] /C:/Users/user/demosec/src/main/java/com/aziz/demosec/dto/patient/PatientResponseDTO.java:[3,1] class, interface, enum, or record expected
[ERROR] /C:/Users/user/demosec/src/main/java/com/aziz/demosec/dto/patient/PatientResponseDTO.java:[29,1] illegal start of type
[ERROR] /C:/Users/user/demosec/src/main/java/com/aziz/demosec/dto/patient/PatientResponseDTO.java:[29,13] > expected
[ERROR] /C:/Users/user/demosec/src/main/java/com/aziz/demosec/dto/patient/PatientResponseDTO.java:[30,1] illegal start of type
[ERROR] /C:/Users/user/demosec/src/main/java/com/aziz/demosec/dto/patient/PatientResponseDTO.java:[31,1] class, interface, enum, or record expected
[ERROR] /C:/Users/user/demosec/src/main/java/com/aziz/demosec/dto/user/UserRequestDTO.java:[17,1] illegal start of type
[ERROR] /C:/Users/user/demosec/src/main/java/com/aziz/demosec/dto/user/UserRequestDTO.java:[17,13] > expected
[ERROR] /C:/Users/user/demosec/src/main/java/com/aziz/demosec/dto/user/UserRequestDTO.java:[19,20] '(' expected
[ERROR] /C:/Users/user/demosec/src/main/java/com/aziz/demosec/dto/user/UserRequestDTO.java:[22,1] illegal start of type
[ERROR] /C:/Users/user/demosec/src/main/java/com/aziz/demosec/dto/user/UserRequestDTO.java:[26,1] illegal start of type
[ERROR] /C:/Users/user/demosec/src/main/java/com/aziz/demosec/dto/user/UserRequestDTO.java:[26,18] <identifier> expected
[ERROR] /C:/Users/user/demosec/src/main/java/com/aziz/demosec/dto/user/UserRequestDTO.java:[27,9] ';' expected
[ERROR] /C:/Users/user/demosec/src/main/java/com/aziz/demosec/dto/user/UserRequestDTO.java:[27,14] <identifier> expected
[ERROR] /C:/Users/user/demosec/src/main/java/com/aziz/demosec/dto/user/UserRequestDTO.java:[31,1] illegal start of type
[ERROR] /C:/Users/user/demosec/src/main/java/com/aziz/demosec/dto/user/UserRequestDTO.java:[31,13] > expected
[ERROR] /C:/Users/user/demosec/src/main/java/com/aziz/demosec/dto/user/UserRequestDTO.java:[32,1] illegal start of type
[ERROR] /C:/Users/user/demosec/src/main/java/com/aziz/demosec/dto/user/UserRequestDTO.java:[33,1] class, interface, enum, or record expected
[INFO] 17 errors 
[INFO] -------------------------------------------------------------
[INFO] ------------------------------------------------------------------------
[INFO] BUILD FAILURE
[INFO] ------------------------------------------------------------------------
[INFO] Total time:  1.577 s
[INFO] Finished at: 2026-03-29T20:33:28+02:00
[INFO] ------------------------------------------------------------------------
[ERROR] Failed to execute goal org.apache.maven.plugins:maven-compiler-plugin:3.14.1:compile (default-compile) on project demosec: Compilation failure: Compilation failure: 
[ERROR] /C:/Users/user/demosec/src/main/java/com/aziz/demosec/dto/patient/PatientResponseDTO.java:[3,1] class, interface, enum, or record expected
[ERROR] /C:/Users/user/demosec/src/main/java/com/aziz/demosec/dto/patient/PatientResponseDTO.java:[29,1] illegal start of type
[ERROR] /C:/Users/user/demosec/src/main/java/com/aziz/demosec/dto/patient/PatientResponseDTO.java:[29,13] > expected
[ERROR] /C:/Users/user/demosec/src/main/java/com/aziz/demosec/dto/patient/PatientResponseDTO.java:[30,1] illegal start of type
[ERROR] /C:/Users/user/demosec/src/main/java/com/aziz/demosec/dto/patient/PatientResponseDTO.java:[31,1] class, interface, enum, or record expected
[ERROR] /C:/Users/user/demosec/src/main/java/com/aziz/demosec/dto/user/UserRequestDTO.java:[17,1] illegal start of type
[ERROR] /C:/Users/user/demosec/src/main/java/com/aziz/demosec/dto/user/UserRequestDTO.java:[17,13] > expected
[ERROR] /C:/Users/user/demosec/src/main/java/com/aziz/demosec/dto/user/UserRequestDTO.java:[19,20] '(' expected
[ERROR] /C:/Users/user/demosec/src/main/java/com/aziz/demosec/dto/user/UserRequestDTO.java:[22,1] illegal start of type
[ERROR] /C:/Users/user/demosec/src/main/java/com/aziz/demosec/dto/user/UserRequestDTO.java:[26,1] illegal start of type
[ERROR] /C:/Users/user/demosec/src/main/java/com/aziz/demosec/dto/user/UserRequestDTO.java:[26,18] <identifier> expected
[ERROR] /C:/Users/user/demosec/src/main/java/com/aziz/demosec/dto/user/UserRequestDTO.java:[27,9] ';' expected
[ERROR] /C:/Users/user/demosec/src/main/java/com/aziz/demosec/dto/user/UserRequestDTO.java:[27,14] <identifier> expected
[ERROR] /C:/Users/user/demosec/src/main/java/com/aziz/demosec/dto/user/UserRequestDTO.java:[31,1] illegal start of type
[ERROR] /C:/Users/user/demosec/src/main/java/com/aziz/demosec/dto/user/UserRequestDTO.java:[31,13] > expected
[ERROR] /C:/Users/user/demosec/src/main/java/com/aziz/demosec/dto/user/UserRequestDTO.java:[32,1] illegal start of type
[ERROR] /C:/Users/user/demosec/src/main/java/com/aziz/demosec/dto/user/UserRequestDTO.java:[33,1] class, interface, enum, or record expected
[ERROR] -> [Help 1]
[ERROR] 
[ERROR] To see the full stack trace of the errors, re-run Maven with the -e switch.
[ERROR] Re-run Maven using the -X switch to enable full debug logging.
[ERROR] 
[ERROR] For more information about the errors and possible solutions, please read the following articles:
[ERROR] [Help 1] http://cwiki.apache.org/confluence/display/MAVEN/MojoFailureException
