[INFO] Scanning for projects...
[INFO] 
[INFO] --------------------------< com.aziz:demosec >--------------------------
[INFO] Building demosec 0.0.1-SNAPSHOT
[INFO]   from pom.xml
[INFO] --------------------------------[ jar ]---------------------------------
[INFO] 
[INFO] --- resources:3.3.1:resources (default-resources) @ demosec ---
[INFO] Copying 2 resources from src\main\resources to target\classes
[INFO] Copying 2 resources from src\main\resources to target\classes
[INFO] 
[INFO] --- compiler:3.13.0:compile (default-compile) @ demosec ---
[INFO] Nothing to compile - all classes are up to date.
[INFO] 
[INFO] --- resources:3.3.1:testResources (default-testResources) @ demosec ---
[INFO] Copying 2 resources from src\test\resources to target\test-classes
[INFO] 
[INFO] --- compiler:3.13.0:testCompile (default-testCompile) @ demosec ---
[INFO] Recompiling the module because of changed source code.
[INFO] Compiling 41 source files with javac [debug parameters release 17] to target\test-classes
[INFO] /C:/Users/LENOVO/IdeaProjects/demosecc/src/test/java/com/aziz/demosec/controller/PaymentWebhookControllerTest.java: Some input files additionally use or override a deprecated API that is marked for removal.
[INFO] -------------------------------------------------------------
[WARNING] COMPILATION WARNING : 
[INFO] -------------------------------------------------------------
[WARNING] /C:/Users/LENOVO/IdeaProjects/demosecc/src/test/java/com/aziz/demosec/controller/AuthControllerTest.java:[32,6] org.springframework.boot.test.mock.mockito.MockBean in org.springframework.boot.test.mock.mockito has been deprecated and marked for removal
[WARNING] /C:/Users/LENOVO/IdeaProjects/demosecc/src/test/java/com/aziz/demosec/controller/AuthControllerTest.java:[32,6] org.springframework.boot.test.mock.mockito.MockBean in org.springframework.boot.test.mock.mockito has been deprecated and marked for removal
[WARNING] /C:/Users/LENOVO/IdeaProjects/demosecc/src/test/java/com/aziz/demosec/controller/AuthControllerTest.java:[32,6] org.springframework.boot.test.mock.mockito.MockBean in org.springframework.boot.test.mock.mockito has been deprecated and marked for removal
[WARNING] /C:/Users/LENOVO/IdeaProjects/demosecc/src/test/java/com/aziz/demosec/controller/AuthControllerTest.java:[32,6] org.springframework.boot.test.mock.mockito.MockBean in org.springframework.boot.test.mock.mockito has been deprecated and marked for removal
[WARNING] /C:/Users/LENOVO/IdeaProjects/demosecc/src/test/java/com/aziz/demosec/controller/AuthControllerTest.java:[32,6] org.springframework.boot.test.mock.mockito.MockBean in org.springframework.boot.test.mock.mockito has been deprecated and marked for removal
[WARNING] /C:/Users/LENOVO/IdeaProjects/demosecc/src/test/java/com/aziz/demosec/controller/AuthControllerTest.java:[35,6] org.springframework.boot.test.mock.mockito.MockBean in org.springframework.boot.test.mock.mockito has been deprecated and marked for removal
[WARNING] /C:/Users/LENOVO/IdeaProjects/demosecc/src/test/java/com/aziz/demosec/controller/AuthControllerTest.java:[35,6] org.springframework.boot.test.mock.mockito.MockBean in org.springframework.boot.test.mock.mockito has been deprecated and marked for removal
[WARNING] /C:/Users/LENOVO/IdeaProjects/demosecc/src/test/java/com/aziz/demosec/controller/AuthControllerTest.java:[35,6] org.springframework.boot.test.mock.mockito.MockBean in org.springframework.boot.test.mock.mockito has been deprecated and marked for removal
[WARNING] /C:/Users/LENOVO/IdeaProjects/demosecc/src/test/java/com/aziz/demosec/controller/AuthControllerTest.java:[35,6] org.springframework.boot.test.mock.mockito.MockBean in org.springframework.boot.test.mock.mockito has been deprecated and marked for removal
[WARNING] /C:/Users/LENOVO/IdeaProjects/demosecc/src/test/java/com/aziz/demosec/controller/AuthControllerTest.java:[35,6] org.springframework.boot.test.mock.mockito.MockBean in org.springframework.boot.test.mock.mockito has been deprecated and marked for removal
[WARNING] /C:/Users/LENOVO/IdeaProjects/demosecc/src/test/java/com/aziz/demosec/controller/AuthControllerTest.java:[38,6] org.springframework.boot.test.mock.mockito.MockBean in org.springframework.boot.test.mock.mockito has been deprecated and marked for removal
[WARNING] /C:/Users/LENOVO/IdeaProjects/demosecc/src/test/java/com/aziz/demosec/controller/AuthControllerTest.java:[38,6] org.springframework.boot.test.mock.mockito.MockBean in org.springframework.boot.test.mock.mockito has been deprecated and marked for removal
[WARNING] /C:/Users/LENOVO/IdeaProjects/demosecc/src/test/java/com/aziz/demosec/controller/AuthControllerTest.java:[38,6] org.springframework.boot.test.mock.mockito.MockBean in org.springframework.boot.test.mock.mockito has been deprecated and marked for removal
[WARNING] /C:/Users/LENOVO/IdeaProjects/demosecc/src/test/java/com/aziz/demosec/controller/AuthControllerTest.java:[38,6] org.springframework.boot.test.mock.mockito.MockBean in org.springframework.boot.test.mock.mockito has been deprecated and marked for removal
[WARNING] /C:/Users/LENOVO/IdeaProjects/demosecc/src/test/java/com/aziz/demosec/controller/AuthControllerTest.java:[38,6] org.springframework.boot.test.mock.mockito.MockBean in org.springframework.boot.test.mock.mockito has been deprecated and marked for removal
[WARNING] /C:/Users/LENOVO/IdeaProjects/demosecc/src/test/java/com/aziz/demosec/controller/AuthControllerTest.java:[41,6] org.springframework.boot.test.mock.mockito.MockBean in org.springframework.boot.test.mock.mockito has been deprecated and marked for removal
[WARNING] /C:/Users/LENOVO/IdeaProjects/demosecc/src/test/java/com/aziz/demosec/controller/AuthControllerTest.java:[41,6] org.springframework.boot.test.mock.mockito.MockBean in org.springframework.boot.test.mock.mockito has been deprecated and marked for removal
[WARNING] /C:/Users/LENOVO/IdeaProjects/demosecc/src/test/java/com/aziz/demosec/controller/AuthControllerTest.java:[41,6] org.springframework.boot.test.mock.mockito.MockBean in org.springframework.boot.test.mock.mockito has been deprecated and marked for removal
[WARNING] /C:/Users/LENOVO/IdeaProjects/demosecc/src/test/java/com/aziz/demosec/controller/AuthControllerTest.java:[41,6] org.springframework.boot.test.mock.mockito.MockBean in org.springframework.boot.test.mock.mockito has been deprecated and marked for removal
[WARNING] /C:/Users/LENOVO/IdeaProjects/demosecc/src/test/java/com/aziz/demosec/controller/AuthControllerTest.java:[41,6] org.springframework.boot.test.mock.mockito.MockBean in org.springframework.boot.test.mock.mockito has been deprecated and marked for removal
[WARNING] /C:/Users/LENOVO/IdeaProjects/demosecc/src/test/java/com/aziz/demosec/controller/DeliveryControllerTest.java:[33,6] org.springframework.boot.test.mock.mockito.MockBean in org.springframework.boot.test.mock.mockito has been deprecated and marked for removal
[WARNING] /C:/Users/LENOVO/IdeaProjects/demosecc/src/test/java/com/aziz/demosec/controller/DeliveryControllerTest.java:[33,6] org.springframework.boot.test.mock.mockito.MockBean in org.springframework.boot.test.mock.mockito has been deprecated and marked for removal
[WARNING] /C:/Users/LENOVO/IdeaProjects/demosecc/src/test/java/com/aziz/demosec/controller/DeliveryControllerTest.java:[33,6] org.springframework.boot.test.mock.mockito.MockBean in org.springframework.boot.test.mock.mockito has been deprecated and marked for removal
[WARNING] /C:/Users/LENOVO/IdeaProjects/demosecc/src/test/java/com/aziz/demosec/controller/DeliveryControllerTest.java:[33,6] org.springframework.boot.test.mock.mockito.MockBean in org.springframework.boot.test.mock.mockito has been deprecated and marked for removal
[WARNING] /C:/Users/LENOVO/IdeaProjects/demosecc/src/test/java/com/aziz/demosec/controller/DeliveryControllerTest.java:[33,6] org.springframework.boot.test.mock.mockito.MockBean in org.springframework.boot.test.mock.mockito has been deprecated and marked for removal
[WARNING] /C:/Users/LENOVO/IdeaProjects/demosecc/src/test/java/com/aziz/demosec/controller/DeliveryControllerTest.java:[36,6] org.springframework.boot.test.mock.mockito.MockBean in org.springframework.boot.test.mock.mockito has been deprecated and marked for removal
[WARNING] /C:/Users/LENOVO/IdeaProjects/demosecc/src/test/java/com/aziz/demosec/controller/DeliveryControllerTest.java:[36,6] org.springframework.boot.test.mock.mockito.MockBean in org.springframework.boot.test.mock.mockito has been deprecated and marked for removal
[WARNING] /C:/Users/LENOVO/IdeaProjects/demosecc/src/test/java/com/aziz/demosec/controller/DeliveryControllerTest.java:[36,6] org.springframework.boot.test.mock.mockito.MockBean in org.springframework.boot.test.mock.mockito has been deprecated and marked for removal
[WARNING] /C:/Users/LENOVO/IdeaProjects/demosecc/src/test/java/com/aziz/demosec/controller/DeliveryControllerTest.java:[36,6] org.springframework.boot.test.mock.mockito.MockBean in org.springframework.boot.test.mock.mockito has been deprecated and marked for removal
[WARNING] /C:/Users/LENOVO/IdeaProjects/demosecc/src/test/java/com/aziz/demosec/controller/DeliveryControllerTest.java:[36,6] org.springframework.boot.test.mock.mockito.MockBean in org.springframework.boot.test.mock.mockito has been deprecated and marked for removal
[WARNING] /C:/Users/LENOVO/IdeaProjects/demosecc/src/test/java/com/aziz/demosec/controller/DeliveryControllerTest.java:[39,6] org.springframework.boot.test.mock.mockito.MockBean in org.springframework.boot.test.mock.mockito has been deprecated and marked for removal
[WARNING] /C:/Users/LENOVO/IdeaProjects/demosecc/src/test/java/com/aziz/demosec/controller/DeliveryControllerTest.java:[39,6] org.springframework.boot.test.mock.mockito.MockBean in org.springframework.boot.test.mock.mockito has been deprecated and marked for removal
[WARNING] /C:/Users/LENOVO/IdeaProjects/demosecc/src/test/java/com/aziz/demosec/controller/DeliveryControllerTest.java:[39,6] org.springframework.boot.test.mock.mockito.MockBean in org.springframework.boot.test.mock.mockito has been deprecated and marked for removal
[WARNING] /C:/Users/LENOVO/IdeaProjects/demosecc/src/test/java/com/aziz/demosec/controller/DeliveryControllerTest.java:[39,6] org.springframework.boot.test.mock.mockito.MockBean in org.springframework.boot.test.mock.mockito has been deprecated and marked for removal
[WARNING] /C:/Users/LENOVO/IdeaProjects/demosecc/src/test/java/com/aziz/demosec/controller/DeliveryControllerTest.java:[39,6] org.springframework.boot.test.mock.mockito.MockBean in org.springframework.boot.test.mock.mockito has been deprecated and marked for removal
[WARNING] /C:/Users/LENOVO/IdeaProjects/demosecc/src/test/java/com/aziz/demosec/controller/FileUploadControllerTest.java:[25,6] org.springframework.boot.test.mock.mockito.MockBean in org.springframework.boot.test.mock.mockito has been deprecated and marked for removal
[WARNING] /C:/Users/LENOVO/IdeaProjects/demosecc/src/test/java/com/aziz/demosec/controller/FileUploadControllerTest.java:[25,6] org.springframework.boot.test.mock.mockito.MockBean in org.springframework.boot.test.mock.mockito has been deprecated and marked for removal
[WARNING] /C:/Users/LENOVO/IdeaProjects/demosecc/src/test/java/com/aziz/demosec/controller/FileUploadControllerTest.java:[25,6] org.springframework.boot.test.mock.mockito.MockBean in org.springframework.boot.test.mock.mockito has been deprecated and marked for removal
[WARNING] /C:/Users/LENOVO/IdeaProjects/demosecc/src/test/java/com/aziz/demosec/controller/FileUploadControllerTest.java:[25,6] org.springframework.boot.test.mock.mockito.MockBean in org.springframework.boot.test.mock.mockito has been deprecated and marked for removal
[WARNING] /C:/Users/LENOVO/IdeaProjects/demosecc/src/test/java/com/aziz/demosec/controller/FileUploadControllerTest.java:[25,6] org.springframework.boot.test.mock.mockito.MockBean in org.springframework.boot.test.mock.mockito has been deprecated and marked for removal
[WARNING] /C:/Users/LENOVO/IdeaProjects/demosecc/src/test/java/com/aziz/demosec/controller/FileUploadControllerTest.java:[28,6] org.springframework.boot.test.mock.mockito.MockBean in org.springframework.boot.test.mock.mockito has been deprecated and marked for removal
[WARNING] /C:/Users/LENOVO/IdeaProjects/demosecc/src/test/java/com/aziz/demosec/controller/FileUploadControllerTest.java:[28,6] org.springframework.boot.test.mock.mockito.MockBean in org.springframework.boot.test.mock.mockito has been deprecated and marked for removal
[WARNING] /C:/Users/LENOVO/IdeaProjects/demosecc/src/test/java/com/aziz/demosec/controller/FileUploadControllerTest.java:[28,6] org.springframework.boot.test.mock.mockito.MockBean in org.springframework.boot.test.mock.mockito has been deprecated and marked for removal
[WARNING] /C:/Users/LENOVO/IdeaProjects/demosecc/src/test/java/com/aziz/demosec/controller/FileUploadControllerTest.java:[28,6] org.springframework.boot.test.mock.mockito.MockBean in org.springframework.boot.test.mock.mockito has been deprecated and marked for removal
[WARNING] /C:/Users/LENOVO/IdeaProjects/demosecc/src/test/java/com/aziz/demosec/controller/FileUploadControllerTest.java:[28,6] org.springframework.boot.test.mock.mockito.MockBean in org.springframework.boot.test.mock.mockito has been deprecated and marked for removal
[WARNING] /C:/Users/LENOVO/IdeaProjects/demosecc/src/test/java/com/aziz/demosec/controller/HomeCareControllerTest.java:[33,6] org.springframework.boot.test.mock.mockito.MockBean in org.springframework.boot.test.mock.mockito has been deprecated and marked for removal
[WARNING] /C:/Users/LENOVO/IdeaProjects/demosecc/src/test/java/com/aziz/demosec/controller/HomeCareControllerTest.java:[33,6] org.springframework.boot.test.mock.mockito.MockBean in org.springframework.boot.test.mock.mockito has been deprecated and marked for removal
[WARNING] /C:/Users/LENOVO/IdeaProjects/demosecc/src/test/java/com/aziz/demosec/controller/HomeCareControllerTest.java:[33,6] org.springframework.boot.test.mock.mockito.MockBean in org.springframework.boot.test.mock.mockito has been deprecated and marked for removal
[WARNING] /C:/Users/LENOVO/IdeaProjects/demosecc/src/test/java/com/aziz/demosec/controller/HomeCareControllerTest.java:[33,6] org.springframework.boot.test.mock.mockito.MockBean in org.springframework.boot.test.mock.mockito has been deprecated and marked for removal
[WARNING] /C:/Users/LENOVO/IdeaProjects/demosecc/src/test/java/com/aziz/demosec/controller/HomeCareControllerTest.java:[33,6] org.springframework.boot.test.mock.mockito.MockBean in org.springframework.boot.test.mock.mockito has been deprecated and marked for removal
[WARNING] /C:/Users/LENOVO/IdeaProjects/demosecc/src/test/java/com/aziz/demosec/controller/HomeCareControllerTest.java:[36,6] org.springframework.boot.test.mock.mockito.MockBean in org.springframework.boot.test.mock.mockito has been deprecated and marked for removal
[WARNING] /C:/Users/LENOVO/IdeaProjects/demosecc/src/test/java/com/aziz/demosec/controller/HomeCareControllerTest.java:[36,6] org.springframework.boot.test.mock.mockito.MockBean in org.springframework.boot.test.mock.mockito has been deprecated and marked for removal
[WARNING] /C:/Users/LENOVO/IdeaProjects/demosecc/src/test/java/com/aziz/demosec/controller/HomeCareControllerTest.java:[36,6] org.springframework.boot.test.mock.mockito.MockBean in org.springframework.boot.test.mock.mockito has been deprecated and marked for removal
[WARNING] /C:/Users/LENOVO/IdeaProjects/demosecc/src/test/java/com/aziz/demosec/controller/HomeCareControllerTest.java:[36,6] org.springframework.boot.test.mock.mockito.MockBean in org.springframework.boot.test.mock.mockito has been deprecated and marked for removal
[WARNING] /C:/Users/LENOVO/IdeaProjects/demosecc/src/test/java/com/aziz/demosec/controller/HomeCareControllerTest.java:[36,6] org.springframework.boot.test.mock.mockito.MockBean in org.springframework.boot.test.mock.mockito has been deprecated and marked for removal
[WARNING] /C:/Users/LENOVO/IdeaProjects/demosecc/src/test/java/com/aziz/demosec/controller/HomeCareControllerTest.java:[39,6] org.springframework.boot.test.mock.mockito.MockBean in org.springframework.boot.test.mock.mockito has been deprecated and marked for removal
[WARNING] /C:/Users/LENOVO/IdeaProjects/demosecc/src/test/java/com/aziz/demosec/controller/HomeCareControllerTest.java:[39,6] org.springframework.boot.test.mock.mockito.MockBean in org.springframework.boot.test.mock.mockito has been deprecated and marked for removal
[WARNING] /C:/Users/LENOVO/IdeaProjects/demosecc/src/test/java/com/aziz/demosec/controller/HomeCareControllerTest.java:[39,6] org.springframework.boot.test.mock.mockito.MockBean in org.springframework.boot.test.mock.mockito has been deprecated and marked for removal
[WARNING] /C:/Users/LENOVO/IdeaProjects/demosecc/src/test/java/com/aziz/demosec/controller/HomeCareControllerTest.java:[39,6] org.springframework.boot.test.mock.mockito.MockBean in org.springframework.boot.test.mock.mockito has been deprecated and marked for removal
[WARNING] /C:/Users/LENOVO/IdeaProjects/demosecc/src/test/java/com/aziz/demosec/controller/HomeCareControllerTest.java:[39,6] org.springframework.boot.test.mock.mockito.MockBean in org.springframework.boot.test.mock.mockito has been deprecated and marked for removal
[WARNING] /C:/Users/LENOVO/IdeaProjects/demosecc/src/test/java/com/aziz/demosec/controller/NotificationControllerTest.java:[32,6] org.springframework.boot.test.mock.mockito.MockBean in org.springframework.boot.test.mock.mockito has been deprecated and marked for removal
[WARNING] /C:/Users/LENOVO/IdeaProjects/demosecc/src/test/java/com/aziz/demosec/controller/NotificationControllerTest.java:[32,6] org.springframework.boot.test.mock.mockito.MockBean in org.springframework.boot.test.mock.mockito has been deprecated and marked for removal
[WARNING] /C:/Users/LENOVO/IdeaProjects/demosecc/src/test/java/com/aziz/demosec/controller/NotificationControllerTest.java:[32,6] org.springframework.boot.test.mock.mockito.MockBean in org.springframework.boot.test.mock.mockito has been deprecated and marked for removal
[WARNING] /C:/Users/LENOVO/IdeaProjects/demosecc/src/test/java/com/aziz/demosec/controller/NotificationControllerTest.java:[32,6] org.springframework.boot.test.mock.mockito.MockBean in org.springframework.boot.test.mock.mockito has been deprecated and marked for removal
[WARNING] /C:/Users/LENOVO/IdeaProjects/demosecc/src/test/java/com/aziz/demosec/controller/NotificationControllerTest.java:[32,6] org.springframework.boot.test.mock.mockito.MockBean in org.springframework.boot.test.mock.mockito has been deprecated and marked for removal
[WARNING] /C:/Users/LENOVO/IdeaProjects/demosecc/src/test/java/com/aziz/demosec/controller/NotificationControllerTest.java:[35,6] org.springframework.boot.test.mock.mockito.MockBean in org.springframework.boot.test.mock.mockito has been deprecated and marked for removal
[WARNING] /C:/Users/LENOVO/IdeaProjects/demosecc/src/test/java/com/aziz/demosec/controller/NotificationControllerTest.java:[35,6] org.springframework.boot.test.mock.mockito.MockBean in org.springframework.boot.test.mock.mockito has been deprecated and marked for removal
[WARNING] /C:/Users/LENOVO/IdeaProjects/demosecc/src/test/java/com/aziz/demosec/controller/NotificationControllerTest.java:[35,6] org.springframework.boot.test.mock.mockito.MockBean in org.springframework.boot.test.mock.mockito has been deprecated and marked for removal
[WARNING] /C:/Users/LENOVO/IdeaProjects/demosecc/src/test/java/com/aziz/demosec/controller/NotificationControllerTest.java:[35,6] org.springframework.boot.test.mock.mockito.MockBean in org.springframework.boot.test.mock.mockito has been deprecated and marked for removal
[WARNING] /C:/Users/LENOVO/IdeaProjects/demosecc/src/test/java/com/aziz/demosec/controller/NotificationControllerTest.java:[35,6] org.springframework.boot.test.mock.mockito.MockBean in org.springframework.boot.test.mock.mockito has been deprecated and marked for removal
[WARNING] /C:/Users/LENOVO/IdeaProjects/demosecc/src/test/java/com/aziz/demosec/controller/NotificationControllerTest.java:[38,6] org.springframework.boot.test.mock.mockito.MockBean in org.springframework.boot.test.mock.mockito has been deprecated and marked for removal
[WARNING] /C:/Users/LENOVO/IdeaProjects/demosecc/src/test/java/com/aziz/demosec/controller/NotificationControllerTest.java:[38,6] org.springframework.boot.test.mock.mockito.MockBean in org.springframework.boot.test.mock.mockito has been deprecated and marked for removal
[WARNING] /C:/Users/LENOVO/IdeaProjects/demosecc/src/test/java/com/aziz/demosec/controller/NotificationControllerTest.java:[38,6] org.springframework.boot.test.mock.mockito.MockBean in org.springframework.boot.test.mock.mockito has been deprecated and marked for removal
[WARNING] /C:/Users/LENOVO/IdeaProjects/demosecc/src/test/java/com/aziz/demosec/controller/NotificationControllerTest.java:[38,6] org.springframework.boot.test.mock.mockito.MockBean in org.springframework.boot.test.mock.mockito has been deprecated and marked for removal
[WARNING] /C:/Users/LENOVO/IdeaProjects/demosecc/src/test/java/com/aziz/demosec/controller/NotificationControllerTest.java:[38,6] org.springframework.boot.test.mock.mockito.MockBean in org.springframework.boot.test.mock.mockito has been deprecated and marked for removal
[WARNING] /C:/Users/LENOVO/IdeaProjects/demosecc/src/test/java/com/aziz/demosec/controller/PaymentControllerTest.java:[34,6] org.springframework.boot.test.mock.mockito.MockBean in org.springframework.boot.test.mock.mockito has been deprecated and marked for removal
[WARNING] /C:/Users/LENOVO/IdeaProjects/demosecc/src/test/java/com/aziz/demosec/controller/PaymentControllerTest.java:[34,6] org.springframework.boot.test.mock.mockito.MockBean in org.springframework.boot.test.mock.mockito has been deprecated and marked for removal
[WARNING] /C:/Users/LENOVO/IdeaProjects/demosecc/src/test/java/com/aziz/demosec/controller/PaymentControllerTest.java:[34,6] org.springframework.boot.test.mock.mockito.MockBean in org.springframework.boot.test.mock.mockito has been deprecated and marked for removal
[WARNING] /C:/Users/LENOVO/IdeaProjects/demosecc/src/test/java/com/aziz/demosec/controller/PaymentControllerTest.java:[34,6] org.springframework.boot.test.mock.mockito.MockBean in org.springframework.boot.test.mock.mockito has been deprecated and marked for removal
[WARNING] /C:/Users/LENOVO/IdeaProjects/demosecc/src/test/java/com/aziz/demosec/controller/PaymentControllerTest.java:[34,6] org.springframework.boot.test.mock.mockito.MockBean in org.springframework.boot.test.mock.mockito has been deprecated and marked for removal
[WARNING] /C:/Users/LENOVO/IdeaProjects/demosecc/src/test/java/com/aziz/demosec/controller/PaymentControllerTest.java:[37,6] org.springframework.boot.test.mock.mockito.MockBean in org.springframework.boot.test.mock.mockito has been deprecated and marked for removal
[WARNING] /C:/Users/LENOVO/IdeaProjects/demosecc/src/test/java/com/aziz/demosec/controller/PaymentControllerTest.java:[37,6] org.springframework.boot.test.mock.mockito.MockBean in org.springframework.boot.test.mock.mockito has been deprecated and marked for removal
[WARNING] /C:/Users/LENOVO/IdeaProjects/demosecc/src/test/java/com/aziz/demosec/controller/PaymentControllerTest.java:[37,6] org.springframework.boot.test.mock.mockito.MockBean in org.springframework.boot.test.mock.mockito has been deprecated and marked for removal
[WARNING] /C:/Users/LENOVO/IdeaProjects/demosecc/src/test/java/com/aziz/demosec/controller/PaymentControllerTest.java:[37,6] org.springframework.boot.test.mock.mockito.MockBean in org.springframework.boot.test.mock.mockito has been deprecated and marked for removal
[WARNING] /C:/Users/LENOVO/IdeaProjects/demosecc/src/test/java/com/aziz/demosec/controller/PaymentControllerTest.java:[37,6] org.springframework.boot.test.mock.mockito.MockBean in org.springframework.boot.test.mock.mockito has been deprecated and marked for removal
[WARNING] /C:/Users/LENOVO/IdeaProjects/demosecc/src/test/java/com/aziz/demosec/controller/PaymentControllerTest.java:[40,6] org.springframework.boot.test.mock.mockito.MockBean in org.springframework.boot.test.mock.mockito has been deprecated and marked for removal
[WARNING] /C:/Users/LENOVO/IdeaProjects/demosecc/src/test/java/com/aziz/demosec/controller/PaymentControllerTest.java:[40,6] org.springframework.boot.test.mock.mockito.MockBean in org.springframework.boot.test.mock.mockito has been deprecated and marked for removal
[WARNING] /C:/Users/LENOVO/IdeaProjects/demosecc/src/test/java/com/aziz/demosec/controller/PaymentControllerTest.java:[40,6] org.springframework.boot.test.mock.mockito.MockBean in org.springframework.boot.test.mock.mockito has been deprecated and marked for removal
[WARNING] /C:/Users/LENOVO/IdeaProjects/demosecc/src/test/java/com/aziz/demosec/controller/PaymentControllerTest.java:[40,6] org.springframework.boot.test.mock.mockito.MockBean in org.springframework.boot.test.mock.mockito has been deprecated and marked for removal
[WARNING] /C:/Users/LENOVO/IdeaProjects/demosecc/src/test/java/com/aziz/demosec/controller/PaymentControllerTest.java:[40,6] org.springframework.boot.test.mock.mockito.MockBean in org.springframework.boot.test.mock.mockito has been deprecated and marked for removal
[WARNING] /C:/Users/LENOVO/IdeaProjects/demosecc/src/test/java/com/aziz/demosec/controller/PaymentWebhookControllerTest.java:[38,6] org.springframework.boot.test.mock.mockito.MockBean in org.springframework.boot.test.mock.mockito has been deprecated and marked for removal
[WARNING] /C:/Users/LENOVO/IdeaProjects/demosecc/src/test/java/com/aziz/demosec/controller/PaymentWebhookControllerTest.java:[38,6] org.springframework.boot.test.mock.mockito.MockBean in org.springframework.boot.test.mock.mockito has been deprecated and marked for removal
[WARNING] /C:/Users/LENOVO/IdeaProjects/demosecc/src/test/java/com/aziz/demosec/controller/PaymentWebhookControllerTest.java:[38,6] org.springframework.boot.test.mock.mockito.MockBean in org.springframework.boot.test.mock.mockito has been deprecated and marked for removal
[WARNING] /C:/Users/LENOVO/IdeaProjects/demosecc/src/test/java/com/aziz/demosec/controller/PaymentWebhookControllerTest.java:[38,6] org.springframework.boot.test.mock.mockito.MockBean in org.springframework.boot.test.mock.mockito has been deprecated and marked for removal
[WARNING] /C:/Users/LENOVO/IdeaProjects/demosecc/src/test/java/com/aziz/demosec/controller/PaymentWebhookControllerTest.java:[38,6] org.springframework.boot.test.mock.mockito.MockBean in org.springframework.boot.test.mock.mockito has been deprecated and marked for removal
[WARNING] /C:/Users/LENOVO/IdeaProjects/demosecc/src/test/java/com/aziz/demosec/controller/PaymentWebhookControllerTest.java:[41,6] org.springframework.boot.test.mock.mockito.MockBean in org.springframework.boot.test.mock.mockito has been deprecated and marked for removal
[WARNING] /C:/Users/LENOVO/IdeaProjects/demosecc/src/test/java/com/aziz/demosec/controller/PaymentWebhookControllerTest.java:[41,6] org.springframework.boot.test.mock.mockito.MockBean in org.springframework.boot.test.mock.mockito has been deprecated and marked for removal
[WARNING] /C:/Users/LENOVO/IdeaProjects/demosecc/src/test/java/com/aziz/demosec/controller/PaymentWebhookControllerTest.java:[41,6] org.springframework.boot.test.mock.mockito.MockBean in org.springframework.boot.test.mock.mockito has been deprecated and marked for removal
[WARNING] /C:/Users/LENOVO/IdeaProjects/demosecc/src/test/java/com/aziz/demosec/controller/PaymentWebhookControllerTest.java:[41,6] org.springframework.boot.test.mock.mockito.MockBean in org.springframework.boot.test.mock.mockito has been deprecated and marked for removal
[WARNING] /C:/Users/LENOVO/IdeaProjects/demosecc/src/test/java/com/aziz/demosec/controller/PaymentWebhookControllerTest.java:[41,6] org.springframework.boot.test.mock.mockito.MockBean in org.springframework.boot.test.mock.mockito has been deprecated and marked for removal
[INFO] 100 warnings 
[INFO] -------------------------------------------------------------
[INFO] -------------------------------------------------------------
[ERROR] COMPILATION ERROR : 
[INFO] -------------------------------------------------------------
[ERROR] /C:/Users/LENOVO/IdeaProjects/demosecc/src/test/java/com/aziz/demosec/controller/AuthControllerTest.java:[51,37] constructor AuthResponse in record com.aziz.demosec.dto.AuthResponse cannot be applied to given types;
  required: java.lang.String,java.lang.String,java.lang.String,java.lang.String
  found:    java.lang.String,java.lang.String,java.lang.String
  reason: actual and formal argument lists differ in length
[ERROR] /C:/Users/LENOVO/IdeaProjects/demosecc/src/test/java/com/aziz/demosec/repository/UserRepositoryTest.java:[32,27] cannot find symbol
  symbol:   variable PATIENT
  location: class com.aziz.demosec.domain.Role
[ERROR] /C:/Users/LENOVO/IdeaProjects/demosecc/src/test/java/com/aziz/demosec/repository/UserRepositoryTest.java:[61,27] cannot find symbol
  symbol:   variable PATIENT
  location: class com.aziz.demosec.domain.Role
[ERROR] /C:/Users/LENOVO/IdeaProjects/demosecc/src/test/java/com/aziz/demosec/repository/UserRepositoryTest.java:[67,40] cannot find symbol
  symbol:   method existsByEmail(java.lang.String)
  location: variable userRepository of type com.aziz.demosec.repository.UserRepository
[ERROR] /C:/Users/LENOVO/IdeaProjects/demosecc/src/test/java/com/aziz/demosec/service/AuthServiceTest.java:[71,21] cannot find symbol
  symbol:   variable PATIENT
  location: class com.aziz.demosec.domain.Role
[ERROR] /C:/Users/LENOVO/IdeaProjects/demosecc/src/test/java/com/aziz/demosec/service/AuthServiceTest.java:[95,26] cannot find symbol
  symbol:   variable PATIENT
  location: class com.aziz.demosec.domain.Role
[ERROR] /C:/Users/LENOVO/IdeaProjects/demosecc/src/test/java/com/aziz/demosec/service/AuthServiceTest.java:[121,24] method generateToken in class com.aziz.demosec.security.jwt.JwtService cannot be applied to given types;
  required: org.springframework.security.core.userdetails.UserDetails
  found:    org.springframework.security.core.userdetails.UserDetails,long,java.lang.String
  reason: actual and formal argument lists differ in length
[ERROR] /C:/Users/LENOVO/IdeaProjects/demosecc/src/test/java/com/aziz/demosec/service/UserServiceTest.java:[47,27] cannot find symbol
  symbol:   variable PATIENT
  location: class com.aziz.demosec.domain.Role
[ERROR] /C:/Users/LENOVO/IdeaProjects/demosecc/src/test/java/com/aziz/demosec/service/UserServiceTest.java:[56,27] cannot find symbol
  symbol:   variable PATIENT
  location: class com.aziz.demosec.domain.Role
[ERROR] /C:/Users/LENOVO/IdeaProjects/demosecc/src/test/java/com/aziz/demosec/service/UserServiceTest.java:[64,28] cannot find symbol
  symbol:   method existsByEmail(java.lang.String)
  location: variable userRepository of type com.aziz.demosec.repository.UserRepository
[ERROR] /C:/Users/LENOVO/IdeaProjects/demosecc/src/test/java/com/aziz/demosec/service/UserServiceTest.java:[80,28] cannot find symbol
  symbol:   method existsByEmail(java.lang.String)
  location: variable userRepository of type com.aziz.demosec.repository.UserRepository
[INFO] 11 errors 
[INFO] -------------------------------------------------------------
[INFO] ------------------------------------------------------------------------
[INFO] BUILD FAILURE
[INFO] ------------------------------------------------------------------------
[INFO] Total time:  3.361 s
[INFO] Finished at: 2026-03-30T05:00:54+01:00
[INFO] ------------------------------------------------------------------------
[ERROR] Failed to execute goal org.apache.maven.plugins:maven-compiler-plugin:3.13.0:testCompile (default-testCompile) on project demosec: Compilation failure: Compilation failure: 
[ERROR] /C:/Users/LENOVO/IdeaProjects/demosecc/src/test/java/com/aziz/demosec/controller/AuthControllerTest.java:[51,37] constructor AuthResponse in record com.aziz.demosec.dto.AuthResponse cannot be applied to given types;
[ERROR]   required: java.lang.String,java.lang.String,java.lang.String,java.lang.String
[ERROR]   found:    java.lang.String,java.lang.String,java.lang.String
[ERROR]   reason: actual and formal argument lists differ in length
[ERROR] /C:/Users/LENOVO/IdeaProjects/demosecc/src/test/java/com/aziz/demosec/repository/UserRepositoryTest.java:[32,27] cannot find symbol
[ERROR]   symbol:   variable PATIENT
[ERROR]   location: class com.aziz.demosec.domain.Role
[ERROR] /C:/Users/LENOVO/IdeaProjects/demosecc/src/test/java/com/aziz/demosec/repository/UserRepositoryTest.java:[61,27] cannot find symbol
[ERROR]   symbol:   variable PATIENT
[ERROR]   location: class com.aziz.demosec.domain.Role
[ERROR] /C:/Users/LENOVO/IdeaProjects/demosecc/src/test/java/com/aziz/demosec/repository/UserRepositoryTest.java:[67,40] cannot find symbol
[ERROR]   symbol:   method existsByEmail(java.lang.String)
[ERROR]   location: variable userRepository of type com.aziz.demosec.repository.UserRepository
[ERROR] /C:/Users/LENOVO/IdeaProjects/demosecc/src/test/java/com/aziz/demosec/service/AuthServiceTest.java:[71,21] cannot find symbol
[ERROR]   symbol:   variable PATIENT
[ERROR]   location: class com.aziz.demosec.domain.Role
[ERROR] /C:/Users/LENOVO/IdeaProjects/demosecc/src/test/java/com/aziz/demosec/service/AuthServiceTest.java:[95,26] cannot find symbol
[ERROR]   symbol:   variable PATIENT
[ERROR]   location: class com.aziz.demosec.domain.Role
[ERROR] /C:/Users/LENOVO/IdeaProjects/demosecc/src/test/java/com/aziz/demosec/service/AuthServiceTest.java:[121,24] method generateToken in class com.aziz.demosec.security.jwt.JwtService cannot be applied to given types;
[ERROR]   required: org.springframework.security.core.userdetails.UserDetails
[ERROR]   found:    org.springframework.security.core.userdetails.UserDetails,long,java.lang.String
[ERROR]   reason: actual and formal argument lists differ in length
[ERROR] /C:/Users/LENOVO/IdeaProjects/demosecc/src/test/java/com/aziz/demosec/service/UserServiceTest.java:[47,27] cannot find symbol
[ERROR]   symbol:   variable PATIENT
[ERROR]   location: class com.aziz.demosec.domain.Role
[ERROR] /C:/Users/LENOVO/IdeaProjects/demosecc/src/test/java/com/aziz/demosec/service/UserServiceTest.java:[56,27] cannot find symbol
[ERROR]   symbol:   variable PATIENT
[ERROR]   location: class com.aziz.demosec.domain.Role
[ERROR] /C:/Users/LENOVO/IdeaProjects/demosecc/src/test/java/com/aziz/demosec/service/UserServiceTest.java:[64,28] cannot find symbol
[ERROR]   symbol:   method existsByEmail(java.lang.String)
[ERROR]   location: variable userRepository of type com.aziz.demosec.repository.UserRepository
[ERROR] /C:/Users/LENOVO/IdeaProjects/demosecc/src/test/java/com/aziz/demosec/service/UserServiceTest.java:[80,28] cannot find symbol
[ERROR]   symbol:   method existsByEmail(java.lang.String)
[ERROR]   location: variable userRepository of type com.aziz.demosec.repository.UserRepository
[ERROR] -> [Help 1]
[ERROR] 
[ERROR] To see the full stack trace of the errors, re-run Maven with the -e switch.
[ERROR] Re-run Maven using the -X switch to enable full debug logging.
[ERROR] 
[ERROR] For more information about the errors and possible solutions, please read the following articles:
[ERROR] [Help 1] http://cwiki.apache.org/confluence/display/MAVEN/MojoFailureException
