[INFO] Scanning for projects...
[WARNING] 
[WARNING] Some problems were encountered while building the effective model for com.aziz:demosec:jar:0.0.1-SNAPSHOT
[WARNING] 'dependencies.dependency.(groupId:artifactId:type:classifier)' must be unique: org.springframework.boot:spring-boot-starter-validation:jar -> duplicate declaration of version (?) @ line 92, column 21
[WARNING] 
[WARNING] It is highly recommended to fix these problems because they threaten the stability of your build.
[WARNING] 
[WARNING] For this reason, future Maven versions might no longer support building such malformed projects.
[WARNING] 
[INFO] 
[INFO] --------------------------< com.aziz:demosec >--------------------------
[INFO] Building demosec 0.0.1-SNAPSHOT
[INFO]   from pom.xml
[INFO] --------------------------------[ jar ]---------------------------------
[INFO] 
[INFO] --- resources:3.3.1:resources (default-resources) @ demosec ---
[INFO] Copying 2 resources from src\main\resources to target\classes
[INFO] Copying 0 resource from src\main\resources to target\classes
[INFO] 
[INFO] --- compiler:3.14.1:compile (default-compile) @ demosec ---
[INFO] Nothing to compile - all classes are up to date.
[INFO] 
[INFO] --- resources:3.3.1:testResources (default-testResources) @ demosec ---
[INFO] Copying 1 resource from src\test\resources to target\test-classes
[INFO] 
[INFO] --- compiler:3.14.1:testCompile (default-testCompile) @ demosec ---
[INFO] Nothing to compile - all classes are up to date.
[INFO] 
[INFO] --- surefire:3.5.4:test (default-test) @ demosec ---
[INFO] Using auto detected provider org.apache.maven.surefire.junitplatform.JUnitPlatformProvider
[INFO] 
[INFO] -------------------------------------------------------
[INFO]  T E S T S
[INFO] -------------------------------------------------------
[INFO] Running com.aziz.demosec.controller.UserControllerTest
16:43:47.592 [main] INFO org.springframework.test.context.support.AnnotationConfigContextLoaderUtils -- Could not detect default configuration classes for test class [com.aziz.demosec.controller.UserControllerTest]: UserControllerTest does not declare any static, non-private, non-final, nested classes annotated with @Configuration.
16:43:47.903 [main] INFO org.springframework.boot.test.context.SpringBootTestContextBootstrapper -- Found @SpringBootConfiguration com.aziz.demosec.DemosecApplication for test class com.aziz.demosec.controller.UserControllerTest

  .   ____          _            __ _ _
 /\\ / ___'_ __ _ _(_)_ __  __ _ \ \ \ \
( ( )\___ | '_ | '_| | '_ \/ _` | \ \ \ \
 \\/  ___)| |_)| | | | | || (_| |  ) ) ) )
  '  |____| .__|_| |_|_| |_\__, | / / / /
 =========|_|==============|___/=/_/_/_/

 :: Spring Boot ::               (v3.5.11)

2026-03-29T16:43:48.577+01:00  INFO 19656 --- [           main] c.a.d.controller.UserControllerTest      : Starting UserControllerTest using Java 17.0.12 with PID 19656 (started by Wassim in C:\Users\Wassim\Desktop\pi 1\demosec)
2026-03-29T16:43:48.581+01:00  INFO 19656 --- [           main] c.a.d.controller.UserControllerTest      : No active profile set, falling back to 1 default profile: "default"
.\mvnw.cmd : Java HotSpot(TM) 64-Bit Server 
VM warning: Sharing is only supported for 
boot loader classes because bootstrap 
classpath has been appended
At line:1 char:1
+ .\mvnw.cmd test -Dtest=UserControllerTest > 
test_output.txt 2>&1
+ ~~~~~~~~~~~~~~~~~~~~~~~~~~~~~~~~~~~~~~~~~~~~
~~~~~~~~~~~~~~~~~~~~
    + CategoryInfo          : NotSpecified: ( 
   Java HotSpot(TM...s been appended:String)  
   [], RemoteException
    + FullyQualifiedErrorId : NativeCommandEr 
   ror
 
2026-03-29T16:43:52.992+01:00  WARN 19656 --- [           main] r$InitializeUserDetailsManagerConfigurer : Found 2 UserDetailsService beans, with names [inMemoryUserDetailsManager, com.aziz.demosec.security.CustomUserDetailsService#0]. Global Authentication Manager will not use a UserDetailsService for username/password login. Consider publishing a single UserDetailsService bean.
2026-03-29T16:43:53.181+01:00  WARN 19656 --- [           main] .s.s.UserDetailsServiceAutoConfiguration : 

Using generated security password: 61808867-9234-498f-94f3-9a33d05da88a

This generated password is for development use only. Your security configuration must be updated before running your application in production.

2026-03-29T16:43:53.247+01:00  INFO 19656 --- [           main] o.s.b.t.m.w.SpringBootMockServletContext : Initializing Spring TestDispatcherServlet ''
2026-03-29T16:43:53.247+01:00  INFO 19656 --- [           main] o.s.t.web.servlet.TestDispatcherServlet  : Initializing Servlet ''
2026-03-29T16:43:53.250+01:00  INFO 19656 --- [           main] o.s.t.web.servlet.TestDispatcherServlet  : Completed initialization in 2 ms
2026-03-29T16:43:53.310+01:00  INFO 19656 --- [           main] c.a.d.controller.UserControllerTest      : Started UserControllerTest in 5.318 seconds (process running for 6.707)
=== GENERIC ERROR ===
Type: java.lang.NullPointerException
Message: Cannot invoke "org.springframework.security.core.Authentication.getName()" because "authentication" is null
java.lang.NullPointerException: Cannot invoke 
"org.springframework.security.core.Authenticat
ion.getName()" because "authentication" is 
null
	at com.aziz.demosec.controller.UserController
.getProfile(UserController.java:24)
	at java.base/jdk.internal.reflect.NativeMetho
dAccessorImpl.invoke0(Native Method)
	at java.base/jdk.internal.reflect.NativeMetho
dAccessorImpl.invoke(NativeMethodAccessorImpl.
java:77)
	at java.base/jdk.internal.reflect.DelegatingM
ethodAccessorImpl.invoke(DelegatingMethodAcces
sorImpl.java:43)
	at java.base/java.lang.reflect.Method.invoke(
Method.java:568)
	at org.springframework.web.method.support.Inv
ocableHandlerMethod.doInvoke(InvocableHandlerM
ethod.java:258)
	at org.springframework.web.method.support.Inv
ocableHandlerMethod.invokeForRequest(Invocable
HandlerMethod.java:191)
	at org.springframework.web.servlet.mvc.method
.annotation.ServletInvocableHandlerMethod.invo
keAndHandle(ServletInvocableHandlerMethod.java
:118)
	at org.springframework.web.servlet.mvc.method
.annotation.RequestMappingHandlerAdapter.invok
eHandlerMethod(RequestMappingHandlerAdapter.ja
va:991)
	at org.springframework.web.servlet.mvc.method
.annotation.RequestMappingHandlerAdapter.handl
eInternal(RequestMappingHandlerAdapter.java:89
6)
	at org.springframework.web.servlet.mvc.method
.AbstractHandlerMethodAdapter.handle(AbstractH
andlerMethodAdapter.java:87)
	at org.springframework.web.servlet.Dispatcher
Servlet.doDispatch(DispatcherServlet.java:1089
)
	at org.springframework.web.servlet.Dispatcher
Servlet.doService(DispatcherServlet.java:979)
	at org.springframework.web.servlet.FrameworkS
ervlet.processRequest(FrameworkServlet.java:10
14)
	at org.springframework.web.servlet.FrameworkS
ervlet.doGet(FrameworkServlet.java:903)
	at jakarta.servlet.http.HttpServlet.service(H
ttpServlet.java:564)
	at org.springframework.web.servlet.FrameworkS
ervlet.service(FrameworkServlet.java:885)
	at org.springframework.test.web.servlet.TestD
ispatcherServlet.service(TestDispatcherServlet
.java:72)
	at jakarta.servlet.http.HttpServlet.service(H
ttpServlet.java:658)
	at org.springframework.mock.web.MockFilterCha
in$ServletFilterProxy.doFilter(MockFilterChain
.java:165)
	at org.springframework.mock.web.MockFilterCha
in.doFilter(MockFilterChain.java:132)
	at org.springframework.test.web.servlet.MockM
vc.perform(MockMvc.java:201)
	at com.aziz.demosec.controller.UserController
Test.getProfile_ShouldReturnUserResponseDTO(Us
erControllerTest.java:84)
	at java.base/jdk.internal.reflect.NativeMetho
dAccessorImpl.invoke0(Native Method)
	at java.base/jdk.internal.reflect.NativeMetho
dAccessorImpl.invoke(NativeMethodAccessorImpl.
java:77)
	at java.base/jdk.internal.reflect.DelegatingM
ethodAccessorImpl.invoke(DelegatingMethodAcces
sorImpl.java:43)
	at java.base/java.lang.reflect.Method.invoke(
Method.java:568)
	at org.junit.platform.commons.util.Reflection
Utils.invokeMethod(ReflectionUtils.java:775)
	at org.junit.platform.commons.support.Reflect
ionSupport.invokeMethod(ReflectionSupport.java
:479)
	at org.junit.jupiter.engine.execution.MethodI
nvocation.proceed(MethodInvocation.java:60)
	at org.junit.jupiter.engine.execution.Invocat
ionInterceptorChain$ValidatingInvocation.proce
ed(InvocationInterceptorChain.java:131)
	at org.junit.jupiter.engine.extension.Timeout
Extension.intercept(TimeoutExtension.java:161)
	at org.junit.jupiter.engine.extension.Timeout
Extension.interceptTestableMethod(TimeoutExten
sion.java:152)
	at org.junit.jupiter.engine.extension.Timeout
Extension.interceptTestMethod(TimeoutExtension
.java:91)
	at org.junit.jupiter.engine.execution.Interce
ptingExecutableInvoker$ReflectiveInterceptorCa
ll.lambda$ofVoidMethod$0(InterceptingExecutabl
eInvoker.java:112)
	at org.junit.jupiter.engine.execution.Interce
ptingExecutableInvoker.lambda$invoke$0(Interce
ptingExecutableInvoker.java:94)
	at org.junit.jupiter.engine.execution.Invocat
ionInterceptorChain$InterceptedInvocation.proc
eed(InvocationInterceptorChain.java:106)
	at org.junit.jupiter.engine.execution.Invocat
ionInterceptorChain.proceed(InvocationIntercep
torChain.java:64)
	at org.junit.jupiter.engine.execution.Invocat
ionInterceptorChain.chainAndInvoke(InvocationI
nterceptorChain.java:45)
	at org.junit.jupiter.engine.execution.Invocat
ionInterceptorChain.invoke(InvocationIntercept
orChain.java:37)
	at org.junit.jupiter.engine.execution.Interce
ptingExecutableInvoker.invoke(InterceptingExec
utableInvoker.java:93)
	at org.junit.jupiter.engine.execution.Interce
ptingExecutableInvoker.invoke(InterceptingExec
utableInvoker.java:87)
	at org.junit.jupiter.engine.descriptor.TestMe
thodTestDescriptor.lambda$invokeTestMethod$7(T
estMethodTestDescriptor.java:216)
	at org.junit.platform.engine.support.hierarch
ical.ThrowableCollector.execute(ThrowableColle
ctor.java:73)
	at org.junit.jupiter.engine.descriptor.TestMe
thodTestDescriptor.invokeTestMethod(TestMethod
TestDescriptor.java:212)
	at org.junit.jupiter.engine.descriptor.TestMe
thodTestDescriptor.execute(TestMethodTestDescr
iptor.java:137)
	at org.junit.jupiter.engine.descriptor.TestMe
thodTestDescriptor.execute(TestMethodTestDescr
iptor.java:69)
	at org.junit.platform.engine.support.hierarch
ical.NodeTestTask.lambda$executeRecursively$6(
NodeTestTask.java:156)
	at org.junit.platform.engine.support.hierarch
ical.ThrowableCollector.execute(ThrowableColle
ctor.java:73)
	at org.junit.platform.engine.support.hierarch
ical.NodeTestTask.lambda$executeRecursively$8(
NodeTestTask.java:146)
	at org.junit.platform.engine.support.hierarch
ical.Node.around(Node.java:137)
	at org.junit.platform.engine.support.hierarch
ical.NodeTestTask.lambda$executeRecursively$9(
NodeTestTask.java:144)
	at org.junit.platform.engine.support.hierarch
ical.ThrowableCollector.execute(ThrowableColle
ctor.java:73)
	at org.junit.platform.engine.support.hierarch
ical.NodeTestTask.executeRecursively(NodeTestT
ask.java:143)
	at org.junit.platform.engine.support.hierarch
ical.NodeTestTask.execute(NodeTestTask.java:10
0)
	at java.base/java.util.ArrayList.forEach(Arra
yList.java:1511)
	at org.junit.platform.engine.support.hierarch
ical.SameThreadHierarchicalTestExecutorService
.invokeAll(SameThreadHierarchicalTestExecutorS
ervice.java:41)
	at org.junit.platform.engine.support.hierarch
ical.NodeTestTask.lambda$executeRecursively$6(
NodeTestTask.java:160)
	at org.junit.platform.engine.support.hierarch
ical.ThrowableCollector.execute(ThrowableColle
ctor.java:73)
	at org.junit.platform.engine.support.hierarch
ical.NodeTestTask.lambda$executeRecursively$8(
NodeTestTask.java:146)
	at org.junit.platform.engine.support.hierarch
ical.Node.around(Node.java:137)
	at org.junit.platform.engine.support.hierarch
ical.NodeTestTask.lambda$executeRecursively$9(
NodeTestTask.java:144)
	at org.junit.platform.engine.support.hierarch
ical.ThrowableCollector.execute(ThrowableColle
ctor.java:73)
	at org.junit.platform.engine.support.hierarch
ical.NodeTestTask.executeRecursively(NodeTestT
ask.java:143)
	at org.junit.platform.engine.support.hierarch
ical.NodeTestTask.execute(NodeTestTask.java:10
0)
	at java.base/java.util.ArrayList.forEach(Arra
yList.java:1511)
	at org.junit.platform.engine.support.hierarch
ical.SameThreadHierarchicalTestExecutorService
.invokeAll(SameThreadHierarchicalTestExecutorS
ervice.java:41)
	at org.junit.platform.engine.support.hierarch
ical.NodeTestTask.lambda$executeRecursively$6(
NodeTestTask.java:160)
	at org.junit.platform.engine.support.hierarch
ical.ThrowableCollector.execute(ThrowableColle
ctor.java:73)
	at org.junit.platform.engine.support.hierarch
ical.NodeTestTask.lambda$executeRecursively$8(
NodeTestTask.java:146)
	at org.junit.platform.engine.support.hierarch
ical.Node.around(Node.java:137)
	at org.junit.platform.engine.support.hierarch
ical.NodeTestTask.lambda$executeRecursively$9(
NodeTestTask.java:144)
	at org.junit.platform.engine.support.hierarch
ical.ThrowableCollector.execute(ThrowableColle
ctor.java:73)
	at org.junit.platform.engine.support.hierarch
ical.NodeTestTask.executeRecursively(NodeTestT
ask.java:143)
	at org.junit.platform.engine.support.hierarch
ical.NodeTestTask.execute(NodeTestTask.java:10
0)
	at org.junit.platform.engine.support.hierarch
ical.SameThreadHierarchicalTestExecutorService
.submit(SameThreadHierarchicalTestExecutorServ
ice.java:35)
	at org.junit.platform.engine.support.hierarch
ical.HierarchicalTestExecutor.execute(Hierarch
icalTestExecutor.java:57)
	at org.junit.platform.engine.support.hierarch
ical.HierarchicalTestEngine.execute(Hierarchic
alTestEngine.java:54)
	at org.junit.platform.launcher.core.EngineExe
cutionOrchestrator.execute(EngineExecutionOrch
estrator.java:201)
	at org.junit.platform.launcher.core.EngineExe
cutionOrchestrator.execute(EngineExecutionOrch
estrator.java:170)
	at org.junit.platform.launcher.core.EngineExe
cutionOrchestrator.execute(EngineExecutionOrch
estrator.java:94)
	at org.junit.platform.launcher.core.EngineExe
cutionOrchestrator.lambda$execute$0(EngineExec
utionOrchestrator.java:59)
	at org.junit.platform.launcher.core.EngineExe
cutionOrchestrator.withInterceptedStreams(Engi
neExecutionOrchestrator.java:142)
	at org.junit.platform.launcher.core.EngineExe
cutionOrchestrator.execute(EngineExecutionOrch
estrator.java:58)
	at org.junit.platform.launcher.core.DefaultLa
uncher.execute(DefaultLauncher.java:103)
	at org.junit.platform.launcher.core.DefaultLa
uncher.execute(DefaultLauncher.java:85)
	at org.junit.platform.launcher.core.Delegatin
gLauncher.execute(DelegatingLauncher.java:47)
	at org.junit.platform.launcher.core.Intercept
ingLauncher.lambda$execute$1(InterceptingLaunc
her.java:39)
	at org.junit.platform.launcher.core.Classpath
AlignmentCheckingLauncherInterceptor.intercept
(ClasspathAlignmentCheckingLauncherInterceptor
.java:25)
	at org.junit.platform.launcher.core.Intercept
ingLauncher.execute(InterceptingLauncher.java:
38)
	at org.junit.platform.launcher.core.Delegatin
gLauncher.execute(DelegatingLauncher.java:47)
	at org.apache.maven.surefire.junitplatform.La
uncherAdapter.executeWithoutCancellationToken(
LauncherAdapter.java:60)
	at org.apache.maven.surefire.junitplatform.La
uncherAdapter.execute(LauncherAdapter.java:52)
	at org.apache.maven.surefire.junitplatform.JU
nitPlatformProvider.execute(JUnitPlatformProvi
der.java:203)
	at org.apache.maven.surefire.junitplatform.JU
nitPlatformProvider.invokeAllTests(JUnitPlatfo
rmProvider.java:168)
	at org.apache.maven.surefire.junitplatform.JU
nitPlatformProvider.invoke(JUnitPlatformProvid
er.java:136)
	at org.apache.maven.surefire.booter.ForkedBoo
ter.runSuitesInProcess(ForkedBooter.java:385)
	at org.apache.maven.surefire.booter.ForkedBoo
ter.execute(ForkedBooter.java:162)
	at org.apache.maven.surefire.booter.ForkedBoo
ter.run(ForkedBooter.java:507)
	at org.apache.maven.surefire.booter.ForkedBoo
ter.main(ForkedBooter.java:495)
=====================

MockHttpServletRequest:
      HTTP Method = GET
      Request URI = /user/profile
       Parameters = {_csrf=[UwE-BcJrPgYQ9Cd42yyzaVNzZ2liojQNo_IGEhvE5Fw9am3MazJdMvBZWjE9wBRO4wGHWDAXSlBUxwcgk5c-ISKmh21eWFT4]}
          Headers = []
             Body = <no character encoding set>
    Session Attrs = {SPRING_SECURITY_CONTEXT=SecurityContextImpl [Authentication=UsernamePasswordAuthenticationToken [Principal=john@example.com, Credentials=[PROTECTED], Authenticated=true, Details=null, Granted Authorities=[]]]}

Handler:
             Type = com.aziz.demosec.controller.UserController
           Method = com.aziz.demosec.controller.UserController#getProfile(Authentication)

Async:
    Async started = false
     Async result = null

Resolved Exception:
             Type = java.lang.NullPointerException

ModelAndView:
        View name = null
             View = null
            Model = null

FlashMap:
       Attributes = null

MockHttpServletResponse:
           Status = 400
    Error message = null
          Headers = [Content-Type:"application/json"]
     Content type = application/json
             Body = {"error":"Cannot invoke \"org.springframework.security.core.Authentication.getName()\" because \"authentication\" is null"}
    Forwarded URL = null
   Redirected URL = null
          Cookies = []
=== GENERIC ERROR ===
Type: java.lang.NullPointerException
Message: Cannot invoke "org.springframework.security.core.Authentication.getName()" because "authentication" is null
java.lang.NullPointerException: Cannot invoke 
"org.springframework.security.core.Authenticat
ion.getName()" because "authentication" is 
null
	at com.aziz.demosec.controller.UserController
.updateProfile(UserController.java:31)
	at java.base/jdk.internal.reflect.NativeMetho
dAccessorImpl.invoke0(Native Method)
	at java.base/jdk.internal.reflect.NativeMetho
dAccessorImpl.invoke(NativeMethodAccessorImpl.
java:77)
	at java.base/jdk.internal.reflect.DelegatingM
ethodAccessorImpl.invoke(DelegatingMethodAcces
sorImpl.java:43)
	at java.base/java.lang.reflect.Method.invoke(
Method.java:568)
	at org.springframework.web.method.support.Inv
ocableHandlerMethod.doInvoke(InvocableHandlerM
ethod.java:258)
	at org.springframework.web.method.support.Inv
ocableHandlerMethod.invokeForRequest(Invocable
HandlerMethod.java:191)
	at org.springframework.web.servlet.mvc.method
.annotation.ServletInvocableHandlerMethod.invo
keAndHandle(ServletInvocableHandlerMethod.java
:118)
	at org.springframework.web.servlet.mvc.method
.annotation.RequestMappingHandlerAdapter.invok
eHandlerMethod(RequestMappingHandlerAdapter.ja
va:991)
	at org.springframework.web.servlet.mvc.method
.annotation.RequestMappingHandlerAdapter.handl
eInternal(RequestMappingHandlerAdapter.java:89
6)
	at org.springframework.web.servlet.mvc.method
.AbstractHandlerMethodAdapter.handle(AbstractH
andlerMethodAdapter.java:87)
	at org.springframework.web.servlet.Dispatcher
Servlet.doDispatch(DispatcherServlet.java:1089
)
	at org.springframework.web.servlet.Dispatcher
Servlet.doService(DispatcherServlet.java:979)
	at org.springframework.web.servlet.FrameworkS
ervlet.processRequest(FrameworkServlet.java:10
14)
	at org.springframework.web.servlet.FrameworkS
ervlet.doPut(FrameworkServlet.java:925)
	at jakarta.servlet.http.HttpServlet.service(H
ttpServlet.java:593)
	at org.springframework.web.servlet.FrameworkS
ervlet.service(FrameworkServlet.java:885)
	at org.springframework.test.web.servlet.TestD
ispatcherServlet.service(TestDispatcherServlet
.java:72)
	at jakarta.servlet.http.HttpServlet.service(H
ttpServlet.java:658)
	at org.springframework.mock.web.MockFilterCha
in$ServletFilterProxy.doFilter(MockFilterChain
.java:165)
	at org.springframework.mock.web.MockFilterCha
in.doFilter(MockFilterChain.java:132)
	at org.springframework.test.web.servlet.MockM
vc.perform(MockMvc.java:201)
	at com.aziz.demosec.controller.UserController
Test.updateProfile_ShouldReturnUpdatedUserResp
onseDTO(UserControllerTest.java:98)
	at java.base/jdk.internal.reflect.NativeMetho
dAccessorImpl.invoke0(Native Method)
	at java.base/jdk.internal.reflect.NativeMetho
dAccessorImpl.invoke(NativeMethodAccessorImpl.
java:77)
	at java.base/jdk.internal.reflect.DelegatingM
ethodAccessorImpl.invoke(DelegatingMethodAcces
sorImpl.java:43)
	at java.base/java.lang.reflect.Method.invoke(
Method.java:568)
	at org.junit.platform.commons.util.Reflection
Utils.invokeMethod(ReflectionUtils.java:775)
	at org.junit.platform.commons.support.Reflect
ionSupport.invokeMethod(ReflectionSupport.java
:479)
	at org.junit.jupiter.engine.execution.MethodI
nvocation.proceed(MethodInvocation.java:60)
	at org.junit.jupiter.engine.execution.Invocat
ionInterceptorChain$ValidatingInvocation.proce
ed(InvocationInterceptorChain.java:131)
	at org.junit.jupiter.engine.extension.Timeout
Extension.intercept(TimeoutExtension.java:161)
	at org.junit.jupiter.engine.extension.Timeout
Extension.interceptTestableMethod(TimeoutExten
sion.java:152)
	at org.junit.jupiter.engine.extension.Timeout
Extension.interceptTestMethod(TimeoutExtension
.java:91)
	at org.junit.jupiter.engine.execution.Interce
ptingExecutableInvoker$ReflectiveInterceptorCa
ll.lambda$ofVoidMethod$0(InterceptingExecutabl
eInvoker.java:112)
	at org.junit.jupiter.engine.execution.Interce
ptingExecutableInvoker.lambda$invoke$0(Interce
ptingExecutableInvoker.java:94)
	at org.junit.jupiter.engine.execution.Invocat
ionInterceptorChain$InterceptedInvocation.proc
eed(InvocationInterceptorChain.java:106)
	at org.junit.jupiter.engine.execution.Invocat
ionInterceptorChain.proceed(InvocationIntercep
torChain.java:64)
	at org.junit.jupiter.engine.execution.Invocat
ionInterceptorChain.chainAndInvoke(InvocationI
nterceptorChain.java:45)
	at org.junit.jupiter.engine.execution.Invocat
ionInterceptorChain.invoke(InvocationIntercept
orChain.java:37)
	at org.junit.jupiter.engine.execution.Interce
ptingExecutableInvoker.invoke(InterceptingExec
utableInvoker.java:93)
	at org.junit.jupiter.engine.execution.Interce
ptingExecutableInvoker.invoke(InterceptingExec
utableInvoker.java:87)
	at org.junit.jupiter.engine.descriptor.TestMe
thodTestDescriptor.lambda$invokeTestMethod$7(T
estMethodTestDescriptor.java:216)
	at org.junit.platform.engine.support.hierarch
ical.ThrowableCollector.execute(ThrowableColle
ctor.java:73)
	at org.junit.jupiter.engine.descriptor.TestMe
thodTestDescriptor.invokeTestMethod(TestMethod
TestDescriptor.java:212)
	at org.junit.jupiter.engine.descriptor.TestMe
thodTestDescriptor.execute(TestMethodTestDescr
iptor.java:137)
	at org.junit.jupiter.engine.descriptor.TestMe
thodTestDescriptor.execute(TestMethodTestDescr
iptor.java:69)
	at org.junit.platform.engine.support.hierarch
ical.NodeTestTask.lambda$executeRecursively$6(
NodeTestTask.java:156)
	at org.junit.platform.engine.support.hierarch
ical.ThrowableCollector.execute(ThrowableColle
ctor.java:73)
	at org.junit.platform.engine.support.hierarch
ical.NodeTestTask.lambda$executeRecursively$8(
NodeTestTask.java:146)
	at org.junit.platform.engine.support.hierarch
ical.Node.around(Node.java:137)
	at org.junit.platform.engine.support.hierarch
ical.NodeTestTask.lambda$executeRecursively$9(
NodeTestTask.java:144)
	at org.junit.platform.engine.support.hierarch
ical.ThrowableCollector.execute(ThrowableColle
ctor.java:73)
	at org.junit.platform.engine.support.hierarch
ical.NodeTestTask.executeRecursively(NodeTestT
ask.java:143)
	at org.junit.platform.engine.support.hierarch
ical.NodeTestTask.execute(NodeTestTask.java:10
0)
	at java.base/java.util.ArrayList.forEach(Arra
yList.java:1511)
	at org.junit.platform.engine.support.hierarch
ical.SameThreadHierarchicalTestExecutorService
.invokeAll(SameThreadHierarchicalTestExecutorS
ervice.java:41)
	at org.junit.platform.engine.support.hierarch
ical.NodeTestTask.lambda$executeRecursively$6(
NodeTestTask.java:160)
	at org.junit.platform.engine.support.hierarch
ical.ThrowableCollector.execute(ThrowableColle
ctor.java:73)
	at org.junit.platform.engine.support.hierarch
ical.NodeTestTask.lambda$executeRecursively$8(
NodeTestTask.java:146)
	at org.junit.platform.engine.support.hierarch
ical.Node.around(Node.java:137)
	at org.junit.platform.engine.support.hierarch
ical.NodeTestTask.lambda$executeRecursively$9(
NodeTestTask.java:144)
	at org.junit.platform.engine.support.hierarch
ical.ThrowableCollector.execute(ThrowableColle
ctor.java:73)
	at org.junit.platform.engine.support.hierarch
ical.NodeTestTask.executeRecursively(NodeTestT
ask.java:143)
	at org.junit.platform.engine.support.hierarch
ical.NodeTestTask.execute(NodeTestTask.java:10
0)
	at java.base/java.util.ArrayList.forEach(Arra
yList.java:1511)
	at org.junit.platform.engine.support.hierarch
ical.SameThreadHierarchicalTestExecutorService
.invokeAll(SameThreadHierarchicalTestExecutorS
ervice.java:41)
	at org.junit.platform.engine.support.hierarch
ical.NodeTestTask.lambda$executeRecursively$6(
NodeTestTask.java:160)
	at org.junit.platform.engine.support.hierarch
ical.ThrowableCollector.execute(ThrowableColle
ctor.java:73)
	at org.junit.platform.engine.support.hierarch
ical.NodeTestTask.lambda$executeRecursively$8(
NodeTestTask.java:146)
	at org.junit.platform.engine.support.hierarch
ical.Node.around(Node.java:137)
	at org.junit.platform.engine.support.hierarch
ical.NodeTestTask.lambda$executeRecursively$9(
NodeTestTask.java:144)
	at org.junit.platform.engine.support.hierarch
ical.ThrowableCollector.execute(ThrowableColle
ctor.java:73)
	at org.junit.platform.engine.support.hierarch
ical.NodeTestTask.executeRecursively(NodeTestT
ask.java:143)
	at org.junit.platform.engine.support.hierarch
ical.NodeTestTask.execute(NodeTestTask.java:10
0)
	at org.junit.platform.engine.support.hierarch
ical.SameThreadHierarchicalTestExecutorService
.submit(SameThreadHierarchicalTestExecutorServ
ice.java:35)
	at org.junit.platform.engine.support.hierarch
ical.HierarchicalTestExecutor.execute(Hierarch
icalTestExecutor.java:57)
	at org.junit.platform.engine.support.hierarch
ical.HierarchicalTestEngine.execute(Hierarchic
alTestEngine.java:54)
	at org.junit.platform.launcher.core.EngineExe
cutionOrchestrator.execute(EngineExecutionOrch
estrator.java:201)
	at org.junit.platform.launcher.core.EngineExe
cutionOrchestrator.execute(EngineExecutionOrch
estrator.java:170)
	at org.junit.platform.launcher.core.EngineExe
cutionOrchestrator.execute(EngineExecutionOrch
estrator.java:94)
	at org.junit.platform.launcher.core.EngineExe
cutionOrchestrator.lambda$execute$0(EngineExec
utionOrchestrator.java:59)
	at org.junit.platform.launcher.core.EngineExe
cutionOrchestrator.withInterceptedStreams(Engi
neExecutionOrchestrator.java:142)
	at org.junit.platform.launcher.core.EngineExe
cutionOrchestrator.execute(EngineExecutionOrch
estrator.java:58)
	at org.junit.platform.launcher.core.DefaultLa
uncher.execute(DefaultLauncher.java:103)
	at org.junit.platform.launcher.core.DefaultLa
uncher.execute(DefaultLauncher.java:85)
	at org.junit.platform.launcher.core.Delegatin
gLauncher.execute(DelegatingLauncher.java:47)
	at org.junit.platform.launcher.core.Intercept
ingLauncher.lambda$execute$1(InterceptingLaunc
her.java:39)
	at org.junit.platform.launcher.core.Classpath
AlignmentCheckingLauncherInterceptor.intercept
(ClasspathAlignmentCheckingLauncherInterceptor
.java:25)
	at org.junit.platform.launcher.core.Intercept
ingLauncher.execute(InterceptingLauncher.java:
38)
	at org.junit.platform.launcher.core.Delegatin
gLauncher.execute(DelegatingLauncher.java:47)
	at org.apache.maven.surefire.junitplatform.La
uncherAdapter.executeWithoutCancellationToken(
LauncherAdapter.java:60)
	at org.apache.maven.surefire.junitplatform.La
uncherAdapter.execute(LauncherAdapter.java:52)
	at org.apache.maven.surefire.junitplatform.JU
nitPlatformProvider.execute(JUnitPlatformProvi
der.java:203)
	at org.apache.maven.surefire.junitplatform.JU
nitPlatformProvider.invokeAllTests(JUnitPlatfo
rmProvider.java:168)
	at org.apache.maven.surefire.junitplatform.JU
nitPlatformProvider.invoke(JUnitPlatformProvid
er.java:136)
	at org.apache.maven.surefire.booter.ForkedBoo
ter.runSuitesInProcess(ForkedBooter.java:385)
	at org.apache.maven.surefire.booter.ForkedBoo
ter.execute(ForkedBooter.java:162)
	at org.apache.maven.surefire.booter.ForkedBoo
ter.run(ForkedBooter.java:507)
	at org.apache.maven.surefire.booter.ForkedBoo
ter.main(ForkedBooter.java:495)
=====================

MockHttpServletRequest:
      HTTP Method = PUT
      Request URI = /user/profile
       Parameters = {_csrf=[Q6eUV0BQItPkfD_vfCOBZVDhHvdMIrpvkVZU7wqExRHmcUuRIpKnNHhoQerJSwrdHw61B2eHM5Z-G4lC82Fl2Tix9yeFRnL1]}
          Headers = [Content-Type:"application/json", Content-Length:"136"]
             Body = <no character encoding set>
    Session Attrs = {SPRING_SECURITY_CONTEXT=SecurityContextImpl [Authentication=UsernamePasswordAuthenticationToken [Principal=john@example.com, Credentials=[PROTECTED], Authenticated=true, Details=null, Granted Authorities=[]]]}

Handler:
             Type = com.aziz.demosec.controller.UserController
           Method = com.aziz.demosec.controller.UserController#updateProfile(Authentication, UserRequestDTO)

Async:
    Async started = false
     Async result = null

Resolved Exception:
             Type = java.lang.NullPointerException

ModelAndView:
        View name = null
             View = null
            Model = null

FlashMap:
       Attributes = null

MockHttpServletResponse:
           Status = 400
    Error message = null
          Headers = [Content-Type:"application/json"]
     Content type = application/json
             Body = {"error":"Cannot invoke \"org.springframework.security.core.Authentication.getName()\" because \"authentication\" is null"}
    Forwarded URL = null
   Redirected URL = null
          Cookies = []
[ERROR] Tests run: 10, Failures: 2, Errors: 0, Skipped: 0, Time elapsed: 6.843 s <<< FAILURE! -- in com.aziz.demosec.controller.UserControllerTest
[ERROR] com.aziz.demosec.controller.UserControllerTest.getProfile_ShouldReturnUserResponseDTO -- Time elapsed: 0.045 s <<< FAILURE!
java.lang.AssertionError: Status expected:<200> but was:<400>
	at org.springframework.test.util.AssertionErrors.fail(AssertionErrors.java:61)
	at org.springframework.test.util.AssertionErrors.assertEquals(AssertionErrors.java:128)
	at org.springframework.test.web.servlet.result.StatusResultMatchers.lambda$matcher$9(StatusResultMatchers.java:640)
	at org.springframework.test.web.servlet.MockMvc$1.andExpect(MockMvc.java:214)
	at com.aziz.demosec.controller.UserControllerTest.getProfile_ShouldReturnUserResponseDTO(UserControllerTest.java:87)
	at java.base/java.lang.reflect.Method.invoke(Method.java:568)
	at java.base/java.util.ArrayList.forEach(ArrayList.java:1511)
	at java.base/java.util.ArrayList.forEach(ArrayList.java:1511)

[ERROR] com.aziz.demosec.controller.UserControllerTest.updateProfile_ShouldReturnUpdatedUserResponseDTO -- Time elapsed: 0.015 s <<< FAILURE!
java.lang.AssertionError: Status expected:<200> but was:<400>
	at org.springframework.test.util.AssertionErrors.fail(AssertionErrors.java:61)
	at org.springframework.test.util.AssertionErrors.assertEquals(AssertionErrors.java:128)
	at org.springframework.test.web.servlet.result.StatusResultMatchers.lambda$matcher$9(StatusResultMatchers.java:640)
	at org.springframework.test.web.servlet.MockMvc$1.andExpect(MockMvc.java:214)
	at com.aziz.demosec.controller.UserControllerTest.updateProfile_ShouldReturnUpdatedUserResponseDTO(UserControllerTest.java:103)
	at java.base/java.lang.reflect.Method.invoke(Method.java:568)
	at java.base/java.util.ArrayList.forEach(ArrayList.java:1511)
	at java.base/java.util.ArrayList.forEach(ArrayList.java:1511)

[INFO] 
[INFO] Results:
[INFO] 
[ERROR] Failures: 
[ERROR]   UserControllerTest.getProfile_ShouldReturnUserResponseDTO:87 Status expected:<200> but was:<400>
[ERROR]   UserControllerTest.updateProfile_ShouldReturnUpdatedUserResponseDTO:103 Status expected:<200> but was:<400>
[INFO] 
[ERROR] Tests run: 10, Failures: 2, Errors: 0, Skipped: 0
[INFO] 
[INFO] ------------------------------------------------------------------------
[INFO] BUILD FAILURE
[INFO] ------------------------------------------------------------------------
[INFO] Total time:  9.802 s
[INFO] Finished at: 2026-03-29T16:43:54+01:00
[INFO] ------------------------------------------------------------------------
[ERROR] Failed to execute goal org.apache.maven.plugins:maven-surefire-plugin:3.5.4:test (default-test) on project demosec: There are test failures.
[ERROR] 
[ERROR] See C:\Users\Wassim\Desktop\pi 1\demosec\target\surefire-reports for the individual test results.
[ERROR] See dump files (if any exist) [date].dump, [date]-jvmRun[N].dump and [date].dumpstream.
[ERROR] -> [Help 1]
[ERROR] 
[ERROR] To see the full stack trace of the errors, re-run Maven with the -e switch.
[ERROR] Re-run Maven using the -X switch to enable full debug logging.
[ERROR] 
[ERROR] For more information about the errors and possible solutions, please read the following articles:
[ERROR] [Help 1] http://cwiki.apache.org/confluence/display/MAVEN/MojoFailureException
